Archive member included to satisfy reference by file (symbol)

c:/ac6/systemworkbench/plugins/fr.ac6.mcu.externaltools.arm-none.win32_1.17.0.201812190825/tools/compiler/bin/../lib/gcc/arm-none-eabi/7.3.1/thumb/v7e-m/fpv4-sp/hard\libgcc.a(_arm_addsubdf3.o)
                              Src/Pan_Tompkins.o (__aeabi_dadd)
c:/ac6/systemworkbench/plugins/fr.ac6.mcu.externaltools.arm-none.win32_1.17.0.201812190825/tools/compiler/bin/../lib/gcc/arm-none-eabi/7.3.1/thumb/v7e-m/fpv4-sp/hard\libgcc.a(_arm_muldivdf3.o)
                              Src/Pan_Tompkins.o (__aeabi_dmul)
c:/ac6/systemworkbench/plugins/fr.ac6.mcu.externaltools.arm-none.win32_1.17.0.201812190825/tools/compiler/bin/../lib/gcc/arm-none-eabi/7.3.1/thumb/v7e-m/fpv4-sp/hard\libgcc.a(_arm_cmpdf2.o)
                              Src/Pan_Tompkins.o (__aeabi_dcmplt)
c:/ac6/systemworkbench/plugins/fr.ac6.mcu.externaltools.arm-none.win32_1.17.0.201812190825/tools/compiler/bin/../lib/gcc/arm-none-eabi/7.3.1/thumb/v7e-m/fpv4-sp/hard\libgcc.a(_arm_fixdfsi.o)
                              Src/Pan_Tompkins.o (__aeabi_d2iz)
c:/ac6/systemworkbench/plugins/fr.ac6.mcu.externaltools.arm-none.win32_1.17.0.201812190825/tools/compiler/bin/../lib/gcc/arm-none-eabi/7.3.1/thumb/v7e-m/fpv4-sp/hard\libgcc.a(_arm_fixunsdfsi.o)
                              Src/Pan_Tompkins.o (__aeabi_d2uiz)
c:/ac6/systemworkbench/plugins/fr.ac6.mcu.externaltools.arm-none.win32_1.17.0.201812190825/tools/compiler/bin/../lib/gcc/arm-none-eabi/7.3.1/thumb/v7e-m/fpv4-sp/hard\libgcc.a(_aeabi_uldivmod.o)
                              Drivers/STM32F4xx_HAL_Driver/Src/stm32f4xx_hal_rcc.o (__aeabi_uldivmod)
c:/ac6/systemworkbench/plugins/fr.ac6.mcu.externaltools.arm-none.win32_1.17.0.201812190825/tools/compiler/bin/../lib/gcc/arm-none-eabi/7.3.1/thumb/v7e-m/fpv4-sp/hard\libgcc.a(_udivmoddi4.o)
                              c:/ac6/systemworkbench/plugins/fr.ac6.mcu.externaltools.arm-none.win32_1.17.0.201812190825/tools/compiler/bin/../lib/gcc/arm-none-eabi/7.3.1/thumb/v7e-m/fpv4-sp/hard\libgcc.a(_aeabi_uldivmod.o) (__udivmoddi4)
c:/ac6/systemworkbench/plugins/fr.ac6.mcu.externaltools.arm-none.win32_1.17.0.201812190825/tools/compiler/bin/../lib/gcc/arm-none-eabi/7.3.1/thumb/v7e-m/fpv4-sp/hard\libgcc.a(_dvmd_tls.o)
                              c:/ac6/systemworkbench/plugins/fr.ac6.mcu.externaltools.arm-none.win32_1.17.0.201812190825/tools/compiler/bin/../lib/gcc/arm-none-eabi/7.3.1/thumb/v7e-m/fpv4-sp/hard\libgcc.a(_aeabi_uldivmod.o) (__aeabi_ldiv0)
c:/ac6/systemworkbench/plugins/fr.ac6.mcu.externaltools.arm-none.win32_1.17.0.201812190825/tools/compiler/bin/../lib/gcc/arm-none-eabi/7.3.1/../../../../arm-none-eabi/lib/thumb/v7e-m/fpv4-sp/hard\libc_nano.a(lib_a-errno.o)
                              Src/syscalls.o (__errno)
c:/ac6/systemworkbench/plugins/fr.ac6.mcu.externaltools.arm-none.win32_1.17.0.201812190825/tools/compiler/bin/../lib/gcc/arm-none-eabi/7.3.1/../../../../arm-none-eabi/lib/thumb/v7e-m/fpv4-sp/hard\libc_nano.a(lib_a-exit.o)
                              c:/ac6/systemworkbench/plugins/fr.ac6.mcu.externaltools.arm-none.win32_1.17.0.201812190825/tools/compiler/bin/../lib/gcc/arm-none-eabi/7.3.1/../../../../arm-none-eabi/lib/thumb/v7e-m/fpv4-sp/hard/crt0.o (exit)
c:/ac6/systemworkbench/plugins/fr.ac6.mcu.externaltools.arm-none.win32_1.17.0.201812190825/tools/compiler/bin/../lib/gcc/arm-none-eabi/7.3.1/../../../../arm-none-eabi/lib/thumb/v7e-m/fpv4-sp/hard\libc_nano.a(lib_a-impure.o)
                              c:/ac6/systemworkbench/plugins/fr.ac6.mcu.externaltools.arm-none.win32_1.17.0.201812190825/tools/compiler/bin/../lib/gcc/arm-none-eabi/7.3.1/../../../../arm-none-eabi/lib/thumb/v7e-m/fpv4-sp/hard\libc_nano.a(lib_a-exit.o) (_global_impure_ptr)
c:/ac6/systemworkbench/plugins/fr.ac6.mcu.externaltools.arm-none.win32_1.17.0.201812190825/tools/compiler/bin/../lib/gcc/arm-none-eabi/7.3.1/../../../../arm-none-eabi/lib/thumb/v7e-m/fpv4-sp/hard\libc_nano.a(lib_a-init.o)
                              c:/ac6/systemworkbench/plugins/fr.ac6.mcu.externaltools.arm-none.win32_1.17.0.201812190825/tools/compiler/bin/../lib/gcc/arm-none-eabi/7.3.1/../../../../arm-none-eabi/lib/thumb/v7e-m/fpv4-sp/hard/crt0.o (__libc_init_array)
c:/ac6/systemworkbench/plugins/fr.ac6.mcu.externaltools.arm-none.win32_1.17.0.201812190825/tools/compiler/bin/../lib/gcc/arm-none-eabi/7.3.1/../../../../arm-none-eabi/lib/thumb/v7e-m/fpv4-sp/hard\libc_nano.a(lib_a-memset.o)
                              c:/ac6/systemworkbench/plugins/fr.ac6.mcu.externaltools.arm-none.win32_1.17.0.201812190825/tools/compiler/bin/../lib/gcc/arm-none-eabi/7.3.1/../../../../arm-none-eabi/lib/thumb/v7e-m/fpv4-sp/hard/crt0.o (memset)
c:/ac6/systemworkbench/plugins/fr.ac6.mcu.externaltools.arm-none.win32_1.17.0.201812190825/tools/compiler/bin/../lib/gcc/arm-none-eabi/7.3.1/../../../../arm-none-eabi/lib/thumb/v7e-m/fpv4-sp/hard\libc_nano.a(lib_a-strlen.o)
                              Src/main.o (strlen)

[...]
Memory Configuration

Name             Origin             Length             Attributes
RAM              0x20000000         0x00018000         xrw
FLASH            0x08000000         0x00080000         xr
*default*        0x00000000         0xffffffff

Linker script and memory map

LOAD c:/ac6/systemworkbench/plugins/fr.ac6.mcu.externaltools.arm-none.win32_1.17.0.201812190825/tools/compiler/bin/../lib/gcc/arm-none-eabi/7.3.1/thumb/v7e-m/fpv4-sp/hard/crti.o
LOAD c:/ac6/systemworkbench/plugins/fr.ac6.mcu.externaltools.arm-none.win32_1.17.0.201812190825/tools/compiler/bin/../lib/gcc/arm-none-eabi/7.3.1/thumb/v7e-m/fpv4-sp/hard/crtbegin.o
LOAD c:/ac6/systemworkbench/plugins/fr.ac6.mcu.externaltools.arm-none.win32_1.17.0.201812190825/tools/compiler/bin/../lib/gcc/arm-none-eabi/7.3.1/../../../../arm-none-eabi/lib/thumb/v7e-m/fpv4-sp/hard/crt0.o
LOAD Drivers/STM32F4xx_HAL_Driver/Src/stm32f4xx_hal.o
LOAD Drivers/STM32F4xx_HAL_Driver/Src/stm32f4xx_hal_adc.o
LOAD Drivers/STM32F4xx_HAL_Driver/Src/stm32f4xx_hal_adc_ex.o
LOAD Drivers/STM32F4xx_HAL_Driver/Src/stm32f4xx_hal_cortex.o
LOAD Drivers/STM32F4xx_HAL_Driver/Src/stm32f4xx_hal_dma.o
LOAD Drivers/STM32F4xx_HAL_Driver/Src/stm32f4xx_hal_dma_ex.o
LOAD Drivers/STM32F4xx_HAL_Driver/Src/stm32f4xx_hal_exti.o
LOAD Drivers/STM32F4xx_HAL_Driver/Src/stm32f4xx_hal_flash.o
LOAD Drivers/STM32F4xx_HAL_Driver/Src/stm32f4xx_hal_flash_ex.o
LOAD Drivers/STM32F4xx_HAL_Driver/Src/stm32f4xx_hal_flash_ramfunc.o
LOAD Drivers/STM32F4xx_HAL_Driver/Src/stm32f4xx_hal_gpio.o
LOAD Drivers/STM32F4xx_HAL_Driver/Src/stm32f4xx_hal_pwr.o
LOAD Drivers/STM32F4xx_HAL_Driver/Src/stm32f4xx_hal_pwr_ex.o
LOAD Drivers/STM32F4xx_HAL_Driver/Src/stm32f4xx_hal_rcc.o
LOAD Drivers/STM32F4xx_HAL_Driver/Src/stm32f4xx_hal_rcc_ex.o
LOAD Drivers/STM32F4xx_HAL_Driver/Src/stm32f4xx_hal_spi.o
LOAD Drivers/STM32F4xx_HAL_Driver/Src/stm32f4xx_hal_tim.o
LOAD Drivers/STM32F4xx_HAL_Driver/Src/stm32f4xx_hal_tim_ex.o
LOAD Drivers/STM32F4xx_HAL_Driver/Src/stm32f4xx_hal_uart.o
LOAD Src/Pan_Tompkins.o
LOAD Src/RR_Arytmia.o
LOAD Src/adc.o
LOAD Src/dma.o
LOAD Src/gpio.o
LOAD Src/main.o
LOAD Src/spi.o
LOAD Src/stm32f4xx_hal_msp.o
LOAD Src/stm32f4xx_it.o
LOAD Src/syscalls.o
LOAD Src/system_stm32f4xx.o
LOAD Src/tim.o
LOAD Src/usart.o
LOAD Src/w25qxx.o
LOAD startup/startup_stm32f401xe.o
LOAD c:/ac6/systemworkbench/plugins/fr.ac6.mcu.externaltools.arm-none.win32_1.17.0.201812190825/tools/compiler/bin/../lib/gcc/arm-none-eabi/7.3.1/../../../../arm-none-eabi/lib/thumb/v7e-m/fpv4-sp/hard\libm.a
START GROUP
LOAD c:/ac6/systemworkbench/plugins/fr.ac6.mcu.externaltools.arm-none.win32_1.17.0.201812190825/tools/compiler/bin/../lib/gcc/arm-none-eabi/7.3.1/thumb/v7e-m/fpv4-sp/hard\libgcc.a
LOAD c:/ac6/systemworkbench/plugins/fr.ac6.mcu.externaltools.arm-none.win32_1.17.0.201812190825/tools/compiler/bin/../lib/gcc/arm-none-eabi/7.3.1/../../../../arm-none-eabi/lib/thumb/v7e-m/fpv4-sp/hard\libc_nano.a
END GROUP
START GROUP
LOAD c:/ac6/systemworkbench/plugins/fr.ac6.mcu.externaltools.arm-none.win32_1.17.0.201812190825/tools/compiler/bin/../lib/gcc/arm-none-eabi/7.3.1/thumb/v7e-m/fpv4-sp/hard\libgcc.a
LOAD c:/ac6/systemworkbench/plugins/fr.ac6.mcu.externaltools.arm-none.win32_1.17.0.201812190825/tools/compiler/bin/../lib/gcc/arm-none-eabi/7.3.1/../../../../arm-none-eabi/lib/thumb/v7e-m/fpv4-sp/hard\libc_nano.a
LOAD c:/ac6/systemworkbench/plugins/fr.ac6.mcu.externaltools.arm-none.win32_1.17.0.201812190825/tools/compiler/bin/../lib/gcc/arm-none-eabi/7.3.1/../../../../arm-none-eabi/lib/thumb/v7e-m/fpv4-sp/hard\libnosys.a
END GROUP
START GROUP
LOAD c:/ac6/systemworkbench/plugins/fr.ac6.mcu.externaltools.arm-none.win32_1.17.0.201812190825/tools/compiler/bin/../lib/gcc/arm-none-eabi/7.3.1/thumb/v7e-m/fpv4-sp/hard\libgcc.a
LOAD c:/ac6/systemworkbench/plugins/fr.ac6.mcu.externaltools.arm-none.win32_1.17.0.201812190825/tools/compiler/bin/../lib/gcc/arm-none-eabi/7.3.1/../../../../arm-none-eabi/lib/thumb/v7e-m/fpv4-sp/hard\libc_nano.a
LOAD c:/ac6/systemworkbench/plugins/fr.ac6.mcu.externaltools.arm-none.win32_1.17.0.201812190825/tools/compiler/bin/../lib/gcc/arm-none-eabi/7.3.1/../../../../arm-none-eabi/lib/thumb/v7e-m/fpv4-sp/hard\libnosys.a
END GROUP
LOAD c:/ac6/systemworkbench/plugins/fr.ac6.mcu.externaltools.arm-none.win32_1.17.0.201812190825/tools/compiler/bin/../lib/gcc/arm-none-eabi/7.3.1/thumb/v7e-m/fpv4-sp/hard/crtend.o
LOAD c:/ac6/systemworkbench/plugins/fr.ac6.mcu.externaltools.arm-none.win32_1.17.0.201812190825/tools/compiler/bin/../lib/gcc/arm-none-eabi/7.3.1/thumb/v7e-m/fpv4-sp/hard/crtn.o
                0x20018000                _estack = 0x20018000
                0x00000200                _Min_Heap_Size = 0x200
                0x00000400                _Min_Stack_Size = 0x400

.isr_vector     0x08000000      0x194
                0x08000000                . = ALIGN (0x4)
 *(.isr_vector)
 .isr_vector    0x08000000      0x194 startup/startup_stm32f401xe.o
                0x08000000                g_pfnVectors
                0x08000194                . = ALIGN (0x4)

.text           0x08000198     0x42ac
                0x08000198                . = ALIGN (0x4)
 *(.text)
 .text          0x08000198       0x40 c:/ac6/systemworkbench/plugins/fr.ac6.mcu.externaltools.arm-none.win32_1.17.0.201812190825/tools/compiler/bin/../lib/gcc/arm-none-eabi/7.3.1/thumb/v7e-m/fpv4-sp/hard/crtbegin.o
 .text          0x080001d8      0x378 c:/ac6/systemworkbench/plugins/fr.ac6.mcu.externaltools.arm-none.win32_1.17.0.201812190825/tools/compiler/bin/../lib/gcc/arm-none-eabi/7.3.1/thumb/v7e-m/fpv4-sp/hard\libgcc.a(_arm_addsubdf3.o)
                0x080001d8                __aeabi_drsub
                0x080001e0                __aeabi_dsub
                0x080001e0                __subdf3
                0x080001e4                __aeabi_dadd
                0x080001e4                __adddf3
                0x0800045c                __floatunsidf
                0x0800045c                __aeabi_ui2d
                0x0800047c                __floatsidf
                0x0800047c                __aeabi_i2d
                0x080004a0                __aeabi_f2d
                0x080004a0                __extendsfdf2
                0x080004e4                __floatundidf
                0x080004e4                __aeabi_ul2d
                0x080004f4                __floatdidf
                0x080004f4                __aeabi_l2d
 .text          0x08000550      0x424 c:/ac6/systemworkbench/plugins/fr.ac6.mcu.externaltools.arm-none.win32_1.17.0.201812190825/tools/compiler/bin/../lib/gcc/arm-none-eabi/7.3.1/thumb/v7e-m/fpv4-sp/hard\libgcc.a(_arm_muldivdf3.o)
                0x08000550                __aeabi_dmul
                0x08000550                __muldf3
                0x080007a4                __divdf3
                0x080007a4                __aeabi_ddiv
 .text          0x08000974      0x110 c:/ac6/systemworkbench/plugins/fr.ac6.mcu.externaltools.arm-none.win32_1.17.0.201812190825/tools/compiler/bin/../lib/gcc/arm-none-eabi/7.3.1/thumb/v7e-m/fpv4-sp/hard\libgcc.a(_arm_cmpdf2.o)
                0x08000974                __gtdf2
                0x08000974                __gedf2
                0x0800097c                __ltdf2
                0x0800097c                __ledf2
                0x08000984                __nedf2
                0x08000984                __eqdf2
                0x08000984                __cmpdf2
                0x08000a00                __aeabi_cdrcmple
                0x08000a10                __aeabi_cdcmpeq
                0x08000a10                __aeabi_cdcmple
                0x08000a20                __aeabi_dcmpeq
                0x08000a34                __aeabi_dcmplt
                0x08000a48                __aeabi_dcmple
                0x08000a5c                __aeabi_dcmpge
                0x08000a70                __aeabi_dcmpgt
 .text          0x08000a84       0x50 c:/ac6/systemworkbench/plugins/fr.ac6.mcu.externaltools.arm-none.win32_1.17.0.201812190825/tools/compiler/bin/../lib/gcc/arm-none-eabi/7.3.1/thumb/v7e-m/fpv4-sp/hard\libgcc.a(_arm_fixdfsi.o)
                0x08000a84                __aeabi_d2iz
                0x08000a84                __fixdfsi
 .text          0x08000ad4       0x40 c:/ac6/systemworkbench/plugins/fr.ac6.mcu.externaltools.arm-none.win32_1.17.0.201812190825/tools/compiler/bin/../lib/gcc/arm-none-eabi/7.3.1/thumb/v7e-m/fpv4-sp/hard\libgcc.a(_arm_fixunsdfsi.o)
                0x08000ad4                __aeabi_d2uiz
                0x08000ad4                __fixunsdfsi
 .text          0x08000b14       0x30 c:/ac6/systemworkbench/plugins/fr.ac6.mcu.externaltools.arm-none.win32_1.17.0.201812190825/tools/compiler/bin/../lib/gcc/arm-none-eabi/7.3.1/thumb/v7e-m/fpv4-sp/hard\libgcc.a(_aeabi_uldivmod.o)
                0x08000b14                __aeabi_uldivmod
 .text          0x08000b44      0x2cc c:/ac6/systemworkbench/plugins/fr.ac6.mcu.externaltools.arm-none.win32_1.17.0.201812190825/tools/compiler/bin/../lib/gcc/arm-none-eabi/7.3.1/thumb/v7e-m/fpv4-sp/hard\libgcc.a(_udivmoddi4.o)
                0x08000b44                __udivmoddi4
 .text          0x08000e10        0x4 c:/ac6/systemworkbench/plugins/fr.ac6.mcu.externaltools.arm-none.win32_1.17.0.201812190825/tools/compiler/bin/../lib/gcc/arm-none-eabi/7.3.1/thumb/v7e-m/fpv4-sp/hard\libgcc.a(_dvmd_tls.o)
                0x08000e10                __aeabi_idiv0
                0x08000e10                __aeabi_ldiv0
 *(.text*)
 .text.HAL_InitTick
                0x08000e14       0x48 Drivers/STM32F4xx_HAL_Driver/Src/stm32f4xx_hal.o
                0x08000e14                HAL_InitTick
 .text.HAL_Init
                0x08000e5c       0x34 Drivers/STM32F4xx_HAL_Driver/Src/stm32f4xx_hal.o
                0x08000e5c                HAL_Init
 .text.HAL_IncTick
                0x08000e90       0x18 Drivers/STM32F4xx_HAL_Driver/Src/stm32f4xx_hal.o
                0x08000e90                HAL_IncTick
 .text.HAL_GetTick
                0x08000ea8        0xc Drivers/STM32F4xx_HAL_Driver/Src/stm32f4xx_hal.o
                0x08000ea8                HAL_GetTick
 .text.HAL_Delay
                0x08000eb4       0x28 Drivers/STM32F4xx_HAL_Driver/Src/stm32f4xx_hal.o
                0x08000eb4                HAL_Delay
 .text.ADC_Init
                0x08000edc      0x134 Drivers/STM32F4xx_HAL_Driver/Src/stm32f4xx_hal_adc.o
 .text.HAL_ADC_Init
                0x08001010       0x56 Drivers/STM32F4xx_HAL_Driver/Src/stm32f4xx_hal_adc.o
                0x08001010                HAL_ADC_Init
 *fill*         0x08001066        0x2 
 .text.HAL_ADC_Start_DMA
                0x08001068      0x144 Drivers/STM32F4xx_HAL_Driver/Src/stm32f4xx_hal_adc.o
                0x08001068                HAL_ADC_Start_DMA
 .text.ADC_DMAHalfConvCplt
                0x080011ac        0xa Drivers/STM32F4xx_HAL_Driver/Src/stm32f4xx_hal_adc.o
 .text.HAL_ADC_ErrorCallback
                0x080011b6        0x2 Drivers/STM32F4xx_HAL_Driver/Src/stm32f4xx_hal_adc.o
                0x080011b6                HAL_ADC_ErrorCallback
 .text.ADC_DMAError
                0x080011b8       0x16 Drivers/STM32F4xx_HAL_Driver/Src/stm32f4xx_hal_adc.o
 .text.ADC_DMAConvCplt
                0x080011ce       0x72 Drivers/STM32F4xx_HAL_Driver/Src/stm32f4xx_hal_adc.o
 .text.HAL_ADC_ConfigChannel
                0x08001240      0x190 Drivers/STM32F4xx_HAL_Driver/Src/stm32f4xx_hal_adc.o
                0x08001240                HAL_ADC_ConfigChannel
 .text.HAL_NVIC_SetPriorityGrouping
                0x080013d0       0x24 Drivers/STM32F4xx_HAL_Driver/Src/stm32f4xx_hal_cortex.o
                0x080013d0                HAL_NVIC_SetPriorityGrouping
 .text.HAL_NVIC_SetPriority
                0x080013f4       0x68 Drivers/STM32F4xx_HAL_Driver/Src/stm32f4xx_hal_cortex.o
                0x080013f4                HAL_NVIC_SetPriority
 .text.HAL_NVIC_EnableIRQ
                0x0800145c       0x1c Drivers/STM32F4xx_HAL_Driver/Src/stm32f4xx_hal_cortex.o
                0x0800145c                HAL_NVIC_EnableIRQ
 .text.HAL_SYSTICK_Config
                0x08001478       0x2c Drivers/STM32F4xx_HAL_Driver/Src/stm32f4xx_hal_cortex.o
                0x08001478                HAL_SYSTICK_Config
 .text.DMA_SetConfig
                0x080014a4       0x2c Drivers/STM32F4xx_HAL_Driver/Src/stm32f4xx_hal_dma.o
 .text.DMA_CalcBaseAndBitshift
                0x080014d0       0x3c Drivers/STM32F4xx_HAL_Driver/Src/stm32f4xx_hal_dma.o
 .text.DMA_CheckFifoParam
                0x0800150c       0x8e Drivers/STM32F4xx_HAL_Driver/Src/stm32f4xx_hal_dma.o
 *fill*         0x0800159a        0x2 
 .text.HAL_DMA_Init
                0x0800159c       0xcc Drivers/STM32F4xx_HAL_Driver/Src/stm32f4xx_hal_dma.o
                0x0800159c                HAL_DMA_Init
 .text.HAL_DMA_Start_IT
                0x08001668       0x6a Drivers/STM32F4xx_HAL_Driver/Src/stm32f4xx_hal_dma.o
                0x08001668                HAL_DMA_Start_IT
 .text.HAL_DMA_Abort_IT
                0x080016d2       0x26 Drivers/STM32F4xx_HAL_Driver/Src/stm32f4xx_hal_dma.o
                0x080016d2                HAL_DMA_Abort_IT
 .text.HAL_DMA_IRQHandler
                0x080016f8      0x1dc Drivers/STM32F4xx_HAL_Driver/Src/stm32f4xx_hal_dma.o
                0x080016f8                HAL_DMA_IRQHandler
 .text.HAL_GPIO_Init
                0x080018d4      0x1a4 Drivers/STM32F4xx_HAL_Driver/Src/stm32f4xx_hal_gpio.o
                0x080018d4                HAL_GPIO_Init
 .text.HAL_GPIO_WritePin
                0x08001a78        0xc Drivers/STM32F4xx_HAL_Driver/Src/stm32f4xx_hal_gpio.o
                0x08001a78                HAL_GPIO_WritePin
 .text.HAL_GPIO_TogglePin
                0x08001a84       0x12 Drivers/STM32F4xx_HAL_Driver/Src/stm32f4xx_hal_gpio.o
                0x08001a84                HAL_GPIO_TogglePin
 *fill*         0x08001a96        0x2 
 .text.HAL_RCC_OscConfig
                0x08001a98      0x3ec Drivers/STM32F4xx_HAL_Driver/Src/stm32f4xx_hal_rcc.o
                0x08001a98                HAL_RCC_OscConfig
 .text.HAL_RCC_GetSysClockFreq
                0x08001e84       0xd8 Drivers/STM32F4xx_HAL_Driver/Src/stm32f4xx_hal_rcc.o
                0x08001e84                HAL_RCC_GetSysClockFreq
 .text.HAL_RCC_ClockConfig
                0x08001f5c      0x160 Drivers/STM32F4xx_HAL_Driver/Src/stm32f4xx_hal_rcc.o
                0x08001f5c                HAL_RCC_ClockConfig
 .text.HAL_RCC_GetHCLKFreq
                0x080020bc        0xc Drivers/STM32F4xx_HAL_Driver/Src/stm32f4xx_hal_rcc.o
                0x080020bc                HAL_RCC_GetHCLKFreq
 .text.HAL_RCC_GetPCLK1Freq
                0x080020c8       0x20 Drivers/STM32F4xx_HAL_Driver/Src/stm32f4xx_hal_rcc.o
                0x080020c8                HAL_RCC_GetPCLK1Freq
 .text.HAL_RCC_GetPCLK2Freq
                0x080020e8       0x20 Drivers/STM32F4xx_HAL_Driver/Src/stm32f4xx_hal_rcc.o
                0x080020e8                HAL_RCC_GetPCLK2Freq
 .text.SPI_WaitFlagStateUntilTimeout
                0x08002108       0x90 Drivers/STM32F4xx_HAL_Driver/Src/stm32f4xx_hal_spi.o
 .text.SPI_EndRxTxTransaction
                0x08002198       0x68 Drivers/STM32F4xx_HAL_Driver/Src/stm32f4xx_hal_spi.o
 .text.HAL_SPI_Init
                0x08002200       0x80 Drivers/STM32F4xx_HAL_Driver/Src/stm32f4xx_hal_spi.o
                0x08002200                HAL_SPI_Init
 .text.HAL_SPI_TransmitReceive
                0x08002280      0x22e Drivers/STM32F4xx_HAL_Driver/Src/stm32f4xx_hal_spi.o
                0x08002280                HAL_SPI_TransmitReceive
 .text.TIM_TI1_ConfigInputStage
                0x080024ae       0x26 Drivers/STM32F4xx_HAL_Driver/Src/stm32f4xx_hal_tim.o
 .text.TIM_TI2_ConfigInputStage
                0x080024d4       0x28 Drivers/STM32F4xx_HAL_Driver/Src/stm32f4xx_hal_tim.o
 .text.TIM_ITRx_SetConfig
                0x080024fc       0x10 Drivers/STM32F4xx_HAL_Driver/Src/stm32f4xx_hal_tim.o
 .text.HAL_TIM_Base_Start
                0x0800250c       0x24 Drivers/STM32F4xx_HAL_Driver/Src/stm32f4xx_hal_tim.o
                0x0800250c                HAL_TIM_Base_Start
 .text.TIM_Base_SetConfig
                0x08002530       0x9c Drivers/STM32F4xx_HAL_Driver/Src/stm32f4xx_hal_tim.o
                0x08002530                TIM_Base_SetConfig
 .text.HAL_TIM_Base_Init
                0x080025cc       0x32 Drivers/STM32F4xx_HAL_Driver/Src/stm32f4xx_hal_tim.o
                0x080025cc                HAL_TIM_Base_Init
 .text.TIM_ETR_SetConfig
                0x080025fe       0x18 Drivers/STM32F4xx_HAL_Driver/Src/stm32f4xx_hal_tim.o
                0x080025fe                TIM_ETR_SetConfig
 .text.HAL_TIM_ConfigClockSource
                0x08002616       0xda Drivers/STM32F4xx_HAL_Driver/Src/stm32f4xx_hal_tim.o
                0x08002616                HAL_TIM_ConfigClockSource
 .text.HAL_TIMEx_MasterConfigSynchronization
                0x080026f0       0x78 Drivers/STM32F4xx_HAL_Driver/Src/stm32f4xx_hal_tim_ex.o
                0x080026f0                HAL_TIMEx_MasterConfigSynchronization
 .text.UART_EndRxTransfer
                0x08002768       0x1c Drivers/STM32F4xx_HAL_Driver/Src/stm32f4xx_hal_uart.o
 .text.UART_Transmit_IT
                0x08002784       0x68 Drivers/STM32F4xx_HAL_Driver/Src/stm32f4xx_hal_uart.o
 .text.UART_SetConfig
                0x080027ec      0x218 Drivers/STM32F4xx_HAL_Driver/Src/stm32f4xx_hal_uart.o
 .text.UART_WaitOnFlagUntilTimeout
                0x08002a04       0x62 Drivers/STM32F4xx_HAL_Driver/Src/stm32f4xx_hal_uart.o
 .text.HAL_UART_Init
                0x08002a66       0x5e Drivers/STM32F4xx_HAL_Driver/Src/stm32f4xx_hal_uart.o
                0x08002a66                HAL_UART_Init
 .text.HAL_UART_Transmit
                0x08002ac4       0xe2 Drivers/STM32F4xx_HAL_Driver/Src/stm32f4xx_hal_uart.o
                0x08002ac4                HAL_UART_Transmit
 .text.HAL_UART_Receive_IT
                0x08002ba6       0x5c Drivers/STM32F4xx_HAL_Driver/Src/stm32f4xx_hal_uart.o
                0x08002ba6                HAL_UART_Receive_IT
 .text.HAL_UART_TxCpltCallback
                0x08002c02        0x2 Drivers/STM32F4xx_HAL_Driver/Src/stm32f4xx_hal_uart.o
                0x08002c02                HAL_UART_TxCpltCallback
 .text.UART_EndTransmit_IT
                0x08002c04       0x1a Drivers/STM32F4xx_HAL_Driver/Src/stm32f4xx_hal_uart.o
 .text.UART_Receive_IT
                0x08002c1e       0x9c Drivers/STM32F4xx_HAL_Driver/Src/stm32f4xx_hal_uart.o
 .text.HAL_UART_ErrorCallback
                0x08002cba        0x2 Drivers/STM32F4xx_HAL_Driver/Src/stm32f4xx_hal_uart.o
                0x08002cba                HAL_UART_ErrorCallback
 .text.HAL_UART_IRQHandler
                0x08002cbc      0x128 Drivers/STM32F4xx_HAL_Driver/Src/stm32f4xx_hal_uart.o
                0x08002cbc                HAL_UART_IRQHandler
 .text.UART_DMAAbortOnError
                0x08002de4       0x10 Drivers/STM32F4xx_HAL_Driver/Src/stm32f4xx_hal_uart.o
 .text.init_PanTompkins
                0x08002df4       0x9c Src/Pan_Tompkins.o
                0x08002df4                init_PanTompkins
 .text.PanTompkins
                0x08002e90      0xc30 Src/Pan_Tompkins.o
                0x08002e90                PanTompkins
 .text.MX_ADC1_Init
                0x08003ac0       0x70 Src/adc.o
                0x08003ac0                MX_ADC1_Init
 .text.HAL_ADC_MspInit
                0x08003b30       0xac Src/adc.o
                0x08003b30                HAL_ADC_MspInit
 .text.MX_DMA_Init
                0x08003bdc       0x34 Src/dma.o
                0x08003bdc                MX_DMA_Init
 .text.MX_GPIO_Init
                0x08003c10       0x7c Src/gpio.o
                0x08003c10                MX_GPIO_Init
 .text.setup_uart
                0x08003c8c       0x34 Src/main.o
                0x08003c8c                setup_uart
 .text.SystemClock_Config
                0x08003cc0       0x94 Src/main.o
                0x08003cc0                SystemClock_Config
 .text.main     0x08003d54       0xf4 Src/main.o
                0x08003d54                main
 .text.HAL_ADC_ConvHalfCpltCallback
                0x08003e48        0xc Src/main.o
                0x08003e48                HAL_ADC_ConvHalfCpltCallback
 .text.HAL_ADC_ConvCpltCallback
                0x08003e54        0xc Src/main.o
                0x08003e54                HAL_ADC_ConvCpltCallback
 .text.HAL_UART_RxCpltCallback
                0x08003e60       0x20 Src/main.o
                0x08003e60                HAL_UART_RxCpltCallback
 .text.Error_Handler
                0x08003e80        0x2 Src/main.o
                0x08003e80                Error_Handler
 *fill*         0x08003e82        0x2 
 .text.MX_SPI1_Init
                0x08003e84       0x40 Src/spi.o
                0x08003e84                MX_SPI1_Init
 .text.HAL_SPI_MspInit
                0x08003ec4       0x98 Src/spi.o
                0x08003ec4                HAL_SPI_MspInit
 .text.HAL_MspInit
                0x08003f5c       0x38 Src/stm32f4xx_hal_msp.o
                0x08003f5c                HAL_MspInit
 .text.NMI_Handler
                0x08003f94        0x2 Src/stm32f4xx_it.o
                0x08003f94                NMI_Handler
 .text.HardFault_Handler
                0x08003f96        0x2 Src/stm32f4xx_it.o
                0x08003f96                HardFault_Handler
 .text.MemManage_Handler
                0x08003f98        0x2 Src/stm32f4xx_it.o
                0x08003f98                MemManage_Handler
 .text.BusFault_Handler
                0x08003f9a        0x2 Src/stm32f4xx_it.o
                0x08003f9a                BusFault_Handler
 .text.UsageFault_Handler
                0x08003f9c        0x2 Src/stm32f4xx_it.o
                0x08003f9c                UsageFault_Handler
 .text.SVC_Handler
                0x08003f9e        0x2 Src/stm32f4xx_it.o
                0x08003f9e                SVC_Handler
 .text.DebugMon_Handler
                0x08003fa0        0x2 Src/stm32f4xx_it.o
                0x08003fa0                DebugMon_Handler
 .text.PendSV_Handler
                0x08003fa2        0x2 Src/stm32f4xx_it.o
                0x08003fa2                PendSV_Handler
 .text.SysTick_Handler
                0x08003fa4        0x8 Src/stm32f4xx_it.o
                0x08003fa4                SysTick_Handler
 .text.USART1_IRQHandler
                0x08003fac       0x10 Src/stm32f4xx_it.o
                0x08003fac                USART1_IRQHandler
 .text.DMA2_Stream0_IRQHandler
                0x08003fbc       0x10 Src/stm32f4xx_it.o
                0x08003fbc                DMA2_Stream0_IRQHandler
 .text.SystemInit
                0x08003fcc       0x1c Src/system_stm32f4xx.o
                0x08003fcc                SystemInit
 .text.MX_TIM2_Init
                0x08003fe8       0x70 Src/tim.o
                0x08003fe8                MX_TIM2_Init
 .text.HAL_TIM_Base_MspInit
                0x08004058       0x2c Src/tim.o
                0x08004058                HAL_TIM_Base_MspInit
 .text.MX_USART1_UART_Init
                0x08004084       0x34 Src/usart.o
                0x08004084                MX_USART1_UART_Init
 .text.HAL_UART_MspInit
                0x080040b8       0x80 Src/usart.o
                0x080040b8                HAL_UART_MspInit
 .text.W25qxx_Spi
                0x08004138       0x2c Src/w25qxx.o
                0x08004138                W25qxx_Spi
 .text.W25qxx_ReadID
                0x08004164       0x44 Src/w25qxx.o
                0x08004164                W25qxx_ReadID
 .text.W25qxx_ReadUniqID
                0x080041a8       0x50 Src/w25qxx.o
                0x080041a8                W25qxx_ReadUniqID
 .text.W25qxx_ReadStatusRegister
                0x080041f8       0x6c Src/w25qxx.o
                0x080041f8                W25qxx_ReadStatusRegister
 .text.W25qxx_Init
                0x08004264      0x11c Src/w25qxx.o
                0x08004264                W25qxx_Init
 .text.Reset_Handler
                0x08004380       0x50 startup/startup_stm32f401xe.o
                0x08004380                Reset_Handler
 .text.Default_Handler
                0x080043d0        0x2 startup/startup_stm32f401xe.o
                0x080043d0                RTC_Alarm_IRQHandler
                0x080043d0                EXTI2_IRQHandler
                0x080043d0                SPI4_IRQHandler
                0x080043d0                TIM1_CC_IRQHandler
                0x080043d0                DMA2_Stream5_IRQHandler
                0x080043d0                DMA1_Stream5_IRQHandler
                0x080043d0                PVD_IRQHandler
                0x080043d0                SDIO_IRQHandler
                0x080043d0                TAMP_STAMP_IRQHandler
                0x080043d0                EXTI3_IRQHandler
                0x080043d0                TIM1_UP_TIM10_IRQHandler
                0x080043d0                I2C3_ER_IRQHandler
                0x080043d0                EXTI0_IRQHandler
                0x080043d0                I2C2_EV_IRQHandler
                0x080043d0                DMA1_Stream2_IRQHandler
                0x080043d0                FPU_IRQHandler
                0x080043d0                DMA2_Stream2_IRQHandler
                0x080043d0                SPI1_IRQHandler
                0x080043d0                TIM1_BRK_TIM9_IRQHandler
                0x080043d0                DMA2_Stream3_IRQHandler
                0x080043d0                USART6_IRQHandler
                0x080043d0                TIM4_IRQHandler
                0x080043d0                I2C1_EV_IRQHandler
                0x080043d0                DMA1_Stream6_IRQHandler
                0x080043d0                DMA1_Stream1_IRQHandler
                0x080043d0                TIM3_IRQHandler
                0x080043d0                RCC_IRQHandler
                0x080043d0                Default_Handler
                0x080043d0                EXTI15_10_IRQHandler
                0x080043d0                ADC_IRQHandler
                0x080043d0                DMA1_Stream7_IRQHandler
                0x080043d0                TIM5_IRQHandler
                0x080043d0                DMA2_Stream7_IRQHandler
                0x080043d0                I2C3_EV_IRQHandler
                0x080043d0                EXTI9_5_IRQHandler
                0x080043d0                RTC_WKUP_IRQHandler
                0x080043d0                SPI2_IRQHandler
                0x080043d0                DMA1_Stream0_IRQHandler
                0x080043d0                EXTI4_IRQHandler
                0x080043d0                WWDG_IRQHandler
                0x080043d0                TIM2_IRQHandler
                0x080043d0                OTG_FS_WKUP_IRQHandler
                0x080043d0                TIM1_TRG_COM_TIM11_IRQHandler
                0x080043d0                EXTI1_IRQHandler
                0x080043d0                USART2_IRQHandler
                0x080043d0                I2C2_ER_IRQHandler
                0x080043d0                DMA2_Stream1_IRQHandler
                0x080043d0                FLASH_IRQHandler
                0x080043d0                DMA2_Stream4_IRQHandler
                0x080043d0                OTG_FS_IRQHandler
                0x080043d0                SPI3_IRQHandler
                0x080043d0                DMA1_Stream4_IRQHandler
                0x080043d0                I2C1_ER_IRQHandler
                0x080043d0                DMA2_Stream6_IRQHandler
                0x080043d0                DMA1_Stream3_IRQHandler
 *fill*         0x080043d2        0x2 
 .text.__libc_init_array
                0x080043d4       0x48 c:/ac6/systemworkbench/plugins/fr.ac6.mcu.externaltools.arm-none.win32_1.17.0.201812190825/tools/compiler/bin/../lib/gcc/arm-none-eabi/7.3.1/../../../../arm-none-eabi/lib/thumb/v7e-m/fpv4-sp/hard\libc_nano.a(lib_a-init.o)
                0x080043d4                __libc_init_array
 .text.memset   0x0800441c       0x10 c:/ac6/systemworkbench/plugins/fr.ac6.mcu.externaltools.arm-none.win32_1.17.0.201812190825/tools/compiler/bin/../lib/gcc/arm-none-eabi/7.3.1/../../../../arm-none-eabi/lib/thumb/v7e-m/fpv4-sp/hard\libc_nano.a(lib_a-memset.o)
                0x0800441c                memset
 *(.glue_7)
 .glue_7        0x0800442c        0x0 linker stubs
 *(.glue_7t)
 .glue_7t       0x0800442c        0x0 linker stubs
 *(.eh_frame)
 .eh_frame      0x0800442c        0x0 c:/ac6/systemworkbench/plugins/fr.ac6.mcu.externaltools.arm-none.win32_1.17.0.201812190825/tools/compiler/bin/../lib/gcc/arm-none-eabi/7.3.1/thumb/v7e-m/fpv4-sp/hard/crtbegin.o
 *(.init)
 .init          0x0800442c        0x4 c:/ac6/systemworkbench/plugins/fr.ac6.mcu.externaltools.arm-none.win32_1.17.0.201812190825/tools/compiler/bin/../lib/gcc/arm-none-eabi/7.3.1/thumb/v7e-m/fpv4-sp/hard/crti.o
                0x0800442c                _init
 .init          0x08004430        0x8 c:/ac6/systemworkbench/plugins/fr.ac6.mcu.externaltools.arm-none.win32_1.17.0.201812190825/tools/compiler/bin/../lib/gcc/arm-none-eabi/7.3.1/thumb/v7e-m/fpv4-sp/hard/crtn.o
 *(.fini)
 .fini          0x08004438        0x4 c:/ac6/systemworkbench/plugins/fr.ac6.mcu.externaltools.arm-none.win32_1.17.0.201812190825/tools/compiler/bin/../lib/gcc/arm-none-eabi/7.3.1/thumb/v7e-m/fpv4-sp/hard/crti.o
                0x08004438                _fini
 .fini          0x0800443c        0x8 c:/ac6/systemworkbench/plugins/fr.ac6.mcu.externaltools.arm-none.win32_1.17.0.201812190825/tools/compiler/bin/../lib/gcc/arm-none-eabi/7.3.1/thumb/v7e-m/fpv4-sp/hard/crtn.o
                0x08004444                . = ALIGN (0x4)
                0x08004444                _etext = .

.vfp11_veneer   0x08004444        0x0
 .vfp11_veneer  0x08004444        0x0 linker stubs

.v4_bx          0x08004444        0x0
 .v4_bx         0x08004444        0x0 linker stubs

.iplt           0x08004444        0x0
 .iplt          0x08004444        0x0 c:/ac6/systemworkbench/plugins/fr.ac6.mcu.externaltools.arm-none.win32_1.17.0.201812190825/tools/compiler/bin/../lib/gcc/arm-none-eabi/7.3.1/thumb/v7e-m/fpv4-sp/hard/crtbegin.o

.rodata         0x08004444       0x34
                0x08004444                . = ALIGN (0x4)
 *(.rodata)
 .rodata        0x08004444        0x8 Drivers/STM32F4xx_HAL_Driver/Src/stm32f4xx_hal_dma.o
 .rodata        0x0800444c       0x18 Src/system_stm32f4xx.o
                0x0800444c                AHBPrescTable
                0x0800445c                APBPrescTable
 *(.rodata*)
 .rodata.str1.4
                0x08004464       0x14 Src/main.o
                0x08004478                . = ALIGN (0x4)

.ARM.extab
 *(.ARM.extab* .gnu.linkonce.armextab.*)

.ARM            0x08004478        0x8
                0x08004478                __exidx_start = .
 *(.ARM.exidx*)
 .ARM.exidx     0x08004478        0x8 c:/ac6/systemworkbench/plugins/fr.ac6.mcu.externaltools.arm-none.win32_1.17.0.201812190825/tools/compiler/bin/../lib/gcc/arm-none-eabi/7.3.1/thumb/v7e-m/fpv4-sp/hard\libgcc.a(_udivmoddi4.o)
                0x08004480                __exidx_end = .

.rel.dyn        0x08004480        0x0
 .rel.iplt      0x08004480        0x0 c:/ac6/systemworkbench/plugins/fr.ac6.mcu.externaltools.arm-none.win32_1.17.0.201812190825/tools/compiler/bin/../lib/gcc/arm-none-eabi/7.3.1/thumb/v7e-m/fpv4-sp/hard/crtbegin.o

.preinit_array  0x08004480        0x0
                0x08004480                PROVIDE (__preinit_array_start = .)
 *(.preinit_array*)
                0x08004480                PROVIDE (__preinit_array_end = .)

.init_array     0x08004480        0x4
                0x08004480                PROVIDE (__init_array_start = .)
 *(SORT_BY_NAME(.init_array.*))
 *(.init_array*)
 .init_array    0x08004480        0x4 c:/ac6/systemworkbench/plugins/fr.ac6.mcu.externaltools.arm-none.win32_1.17.0.201812190825/tools/compiler/bin/../lib/gcc/arm-none-eabi/7.3.1/thumb/v7e-m/fpv4-sp/hard/crtbegin.o
                0x08004484                PROVIDE (__init_array_end = .)

.fini_array     0x08004484        0x4
                [!provide]                PROVIDE (__fini_array_start = .)
 *(SORT_BY_NAME(.fini_array.*))
 *(.fini_array*)
 .fini_array    0x08004484        0x4 c:/ac6/systemworkbench/plugins/fr.ac6.mcu.externaltools.arm-none.win32_1.17.0.201812190825/tools/compiler/bin/../lib/gcc/arm-none-eabi/7.3.1/thumb/v7e-m/fpv4-sp/hard/crtbegin.o
                [!provide]                PROVIDE (__fini_array_end = .)
                0x08004488                _sidata = LOADADDR (.data)

.data           0x20000000       0x10 load address 0x08004488
                0x20000000                . = ALIGN (0x4)
                0x20000000                _sdata = .
 *(.data)
 .data          0x20000000        0x8 Drivers/STM32F4xx_HAL_Driver/Src/stm32f4xx_hal.o
                0x20000000                uwTickFreq
                0x20000004                uwTickPrio
 .data          0x20000008        0x1 Src/Pan_Tompkins.o
 *fill*         0x20000009        0x3 
 .data          0x2000000c        0x4 Src/system_stm32f4xx.o
                0x2000000c                SystemCoreClock
 *(.data*)
                0x20000010                . = ALIGN (0x4)
                0x20000010                _edata = .

.igot.plt       0x20000010        0x0 load address 0x08004498
 .igot.plt      0x20000010        0x0 c:/ac6/systemworkbench/plugins/fr.ac6.mcu.externaltools.arm-none.win32_1.17.0.201812190825/tools/compiler/bin/../lib/gcc/arm-none-eabi/7.3.1/thumb/v7e-m/fpv4-sp/hard/crtbegin.o
                0x20000010                . = ALIGN (0x4)

.bss            0x20000010     0x1560 load address 0x08004498
                0x20000010                _sbss = .
                0x20000010                __bss_start__ = _sbss
 *(.bss)
 .bss           0x20000010       0x1c c:/ac6/systemworkbench/plugins/fr.ac6.mcu.externaltools.arm-none.win32_1.17.0.201812190825/tools/compiler/bin/../lib/gcc/arm-none-eabi/7.3.1/thumb/v7e-m/fpv4-sp/hard/crtbegin.o
 .bss           0x2000002c     0x134c Src/Pan_Tompkins.o
 *(.bss*)
 *(COMMON)
 COMMON         0x20001378        0x4 Drivers/STM32F4xx_HAL_Driver/Src/stm32f4xx_hal.o
                0x20001378                uwTick
 COMMON         0x2000137c        0x4 Src/Pan_Tompkins.o
                0x2000137c                globalSample
 COMMON         0x20001380       0xa8 Src/adc.o
                0x20001380                hadc1
                0x200013c8                hdma_adc1
 COMMON         0x20001428       0x45 Src/main.o
                0x20001428                wynik
                0x20001429                recv_char
                0x2000142c                value_adc
                0x2000146c                dane_gotowe
 *fill*         0x2000146d        0x3 
 COMMON         0x20001470       0x58 Src/spi.o
                0x20001470                hspi1
 COMMON         0x200014c8       0x40 Src/tim.o
                0x200014c8                htim2
 COMMON         0x20001508       0x40 Src/usart.o
                0x20001508                huart1
 COMMON         0x20001548       0x28 Src/w25qxx.o
                0x20001548                w25qxx
                0x20001570                . = ALIGN (0x4)
                0x20001570                _ebss = .
                0x20001570                __bss_end__ = _ebss

._user_heap_stack
                0x20001570      0x600 load address 0x08004498
                0x20001570                . = ALIGN (0x8)
                0x20001570                PROVIDE (end = .)
                [!provide]                PROVIDE (_end = .)
                0x20001770                . = (. + _Min_Heap_Size)
 *fill*         0x20001570      0x200 
                0x20001b70                . = (. + _Min_Stack_Size)
 *fill*         0x20001770      0x400 
                0x20001b70                . = ALIGN (0x8)

/DISCARD/
 libc.a(*)
 libm.a(*)
 libgcc.a(*)

.ARM.attributes
                0x00000000       0x30
 *(.ARM.attributes)
 .ARM.attributes
                0x00000000       0x22 c:/ac6/systemworkbench/plugins/fr.ac6.mcu.externaltools.arm-none.win32_1.17.0.201812190825/tools/compiler/bin/../lib/gcc/arm-none-eabi/7.3.1/thumb/v7e-m/fpv4-sp/hard/crti.o
 .ARM.attributes
                0x00000022       0x34 c:/ac6/systemworkbench/plugins/fr.ac6.mcu.externaltools.arm-none.win32_1.17.0.201812190825/tools/compiler/bin/../lib/gcc/arm-none-eabi/7.3.1/thumb/v7e-m/fpv4-sp/hard/crtbegin.o
 .ARM.attributes
                0x00000056       0x39 Drivers/STM32F4xx_HAL_Driver/Src/stm32f4xx_hal.o
 .ARM.attributes
                0x0000008f       0x39 Drivers/STM32F4xx_HAL_Driver/Src/stm32f4xx_hal_adc.o
 .ARM.attributes
                0x000000c8       0x39 Drivers/STM32F4xx_HAL_Driver/Src/stm32f4xx_hal_cortex.o
 .ARM.attributes
                0x00000101       0x39 Drivers/STM32F4xx_HAL_Driver/Src/stm32f4xx_hal_dma.o
 .ARM.attributes
                0x0000013a       0x39 Drivers/STM32F4xx_HAL_Driver/Src/stm32f4xx_hal_gpio.o
 .ARM.attributes
                0x00000173       0x39 Drivers/STM32F4xx_HAL_Driver/Src/stm32f4xx_hal_rcc.o
 .ARM.attributes
                0x000001ac       0x39 Drivers/STM32F4xx_HAL_Driver/Src/stm32f4xx_hal_spi.o
 .ARM.attributes
                0x000001e5       0x39 Drivers/STM32F4xx_HAL_Driver/Src/stm32f4xx_hal_tim.o
 .ARM.attributes
                0x0000021e       0x39 Drivers/STM32F4xx_HAL_Driver/Src/stm32f4xx_hal_tim_ex.o
 .ARM.attributes
                0x00000257       0x39 Drivers/STM32F4xx_HAL_Driver/Src/stm32f4xx_hal_uart.o
 .ARM.attributes
                0x00000290       0x39 Src/Pan_Tompkins.o
 .ARM.attributes
                0x000002c9       0x39 Src/adc.o
 .ARM.attributes
                0x00000302       0x39 Src/dma.o
 .ARM.attributes
                0x0000033b       0x39 Src/gpio.o
 .ARM.attributes
                0x00000374       0x39 Src/main.o
 .ARM.attributes
                0x000003ad       0x39 Src/spi.o
 .ARM.attributes
                0x000003e6       0x39 Src/stm32f4xx_hal_msp.o
 .ARM.attributes
                0x0000041f       0x39 Src/stm32f4xx_it.o
 .ARM.attributes
                0x00000458       0x39 Src/system_stm32f4xx.o
 .ARM.attributes
                0x00000491       0x39 Src/tim.o
 .ARM.attributes
                0x000004ca       0x39 Src/usart.o
 .ARM.attributes
                0x00000503       0x39 Src/w25qxx.o
 .ARM.attributes
                0x0000053c       0x21 startup/startup_stm32f401xe.o
 .ARM.attributes
                0x0000055d       0x22 c:/ac6/systemworkbench/plugins/fr.ac6.mcu.externaltools.arm-none.win32_1.17.0.201812190825/tools/compiler/bin/../lib/gcc/arm-none-eabi/7.3.1/thumb/v7e-m/fpv4-sp/hard\libgcc.a(_arm_addsubdf3.o)
 .ARM.attributes
                0x0000057f       0x22 c:/ac6/systemworkbench/plugins/fr.ac6.mcu.externaltools.arm-none.win32_1.17.0.201812190825/tools/compiler/bin/../lib/gcc/arm-none-eabi/7.3.1/thumb/v7e-m/fpv4-sp/hard\libgcc.a(_arm_muldivdf3.o)
 .ARM.attributes
                0x000005a1       0x22 c:/ac6/systemworkbench/plugins/fr.ac6.mcu.externaltools.arm-none.win32_1.17.0.201812190825/tools/compiler/bin/../lib/gcc/arm-none-eabi/7.3.1/thumb/v7e-m/fpv4-sp/hard\libgcc.a(_arm_cmpdf2.o)
 .ARM.attributes
                0x000005c3       0x22 c:/ac6/systemworkbench/plugins/fr.ac6.mcu.externaltools.arm-none.win32_1.17.0.201812190825/tools/compiler/bin/../lib/gcc/arm-none-eabi/7.3.1/thumb/v7e-m/fpv4-sp/hard\libgcc.a(_arm_fixdfsi.o)
 .ARM.attributes
                0x000005e5       0x22 c:/ac6/systemworkbench/plugins/fr.ac6.mcu.externaltools.arm-none.win32_1.17.0.201812190825/tools/compiler/bin/../lib/gcc/arm-none-eabi/7.3.1/thumb/v7e-m/fpv4-sp/hard\libgcc.a(_arm_fixunsdfsi.o)
 .ARM.attributes
                0x00000607       0x22 c:/ac6/systemworkbench/plugins/fr.ac6.mcu.externaltools.arm-none.win32_1.17.0.201812190825/tools/compiler/bin/../lib/gcc/arm-none-eabi/7.3.1/thumb/v7e-m/fpv4-sp/hard\libgcc.a(_aeabi_uldivmod.o)
 .ARM.attributes
                0x00000629       0x34 c:/ac6/systemworkbench/plugins/fr.ac6.mcu.externaltools.arm-none.win32_1.17.0.201812190825/tools/compiler/bin/../lib/gcc/arm-none-eabi/7.3.1/thumb/v7e-m/fpv4-sp/hard\libgcc.a(_udivmoddi4.o)
 .ARM.attributes
                0x0000065d       0x22 c:/ac6/systemworkbench/plugins/fr.ac6.mcu.externaltools.arm-none.win32_1.17.0.201812190825/tools/compiler/bin/../lib/gcc/arm-none-eabi/7.3.1/thumb/v7e-m/fpv4-sp/hard\libgcc.a(_dvmd_tls.o)
 .ARM.attributes
                0x0000067f       0x34 c:/ac6/systemworkbench/plugins/fr.ac6.mcu.externaltools.arm-none.win32_1.17.0.201812190825/tools/compiler/bin/../lib/gcc/arm-none-eabi/7.3.1/../../../../arm-none-eabi/lib/thumb/v7e-m/fpv4-sp/hard\libc_nano.a(lib_a-init.o)
 .ARM.attributes
                0x000006b3       0x34 c:/ac6/systemworkbench/plugins/fr.ac6.mcu.externaltools.arm-none.win32_1.17.0.201812190825/tools/compiler/bin/../lib/gcc/arm-none-eabi/7.3.1/../../../../arm-none-eabi/lib/thumb/v7e-m/fpv4-sp/hard\libc_nano.a(lib_a-memset.o)
 .ARM.attributes
                0x000006e7       0x22 c:/ac6/systemworkbench/plugins/fr.ac6.mcu.externaltools.arm-none.win32_1.17.0.201812190825/tools/compiler/bin/../lib/gcc/arm-none-eabi/7.3.1/thumb/v7e-m/fpv4-sp/hard/crtn.o
OUTPUT(DMA_EKG.elf elf32-littlearm)

.debug_info     0x00000000    0x150ee
 .debug_info    0x00000000      0x97a Drivers/STM32F4xx_HAL_Driver/Src/stm32f4xx_hal.o
 .debug_info    0x0000097a      0xe0b Drivers/STM32F4xx_HAL_Driver/Src/stm32f4xx_hal_adc.o
 .debug_info    0x00001785      0xef6 Drivers/STM32F4xx_HAL_Driver/Src/stm32f4xx_hal_cortex.o
 .debug_info    0x0000267b      0xaa5 Drivers/STM32F4xx_HAL_Driver/Src/stm32f4xx_hal_dma.o
 .debug_info    0x00003120      0x7e4 Drivers/STM32F4xx_HAL_Driver/Src/stm32f4xx_hal_gpio.o
 .debug_info    0x00003904      0xab9 Drivers/STM32F4xx_HAL_Driver/Src/stm32f4xx_hal_rcc.o
 .debug_info    0x000043bd     0x1bf3 Drivers/STM32F4xx_HAL_Driver/Src/stm32f4xx_hal_spi.o
 .debug_info    0x00005fb0     0x31d3 Drivers/STM32F4xx_HAL_Driver/Src/stm32f4xx_hal_tim.o
 .debug_info    0x00009183     0x14e1 Drivers/STM32F4xx_HAL_Driver/Src/stm32f4xx_hal_tim_ex.o
 .debug_info    0x0000a664     0x1715 Drivers/STM32F4xx_HAL_Driver/Src/stm32f4xx_hal_uart.o
 .debug_info    0x0000bd79      0xb7c Src/Pan_Tompkins.o
 .debug_info    0x0000c8f5      0xb16 Src/adc.o
 .debug_info    0x0000d40b      0x54c Src/dma.o
 .debug_info    0x0000d957      0x52a Src/gpio.o
 .debug_info    0x0000de81     0x1ef6 Src/main.o
 .debug_info    0x0000fd77      0xab8 Src/spi.o
 .debug_info    0x0001082f      0x38c Src/stm32f4xx_hal_msp.o
 .debug_info    0x00010bbb      0x6e6 Src/stm32f4xx_it.o
 .debug_info    0x000112a1      0x583 Src/system_stm32f4xx.o
 .debug_info    0x00011824      0x9e2 Src/tim.o
 .debug_info    0x00012206      0xbf1 Src/usart.o
 .debug_info    0x00012df7     0x22d5 Src/w25qxx.o
 .debug_info    0x000150cc       0x22 startup/startup_stm32f401xe.o

.debug_abbrev   0x00000000     0x2ccb
 .debug_abbrev  0x00000000      0x218 Drivers/STM32F4xx_HAL_Driver/Src/stm32f4xx_hal.o
 .debug_abbrev  0x00000218      0x20a Drivers/STM32F4xx_HAL_Driver/Src/stm32f4xx_hal_adc.o
 .debug_abbrev  0x00000422      0x328 Drivers/STM32F4xx_HAL_Driver/Src/stm32f4xx_hal_cortex.o
 .debug_abbrev  0x0000074a      0x258 Drivers/STM32F4xx_HAL_Driver/Src/stm32f4xx_hal_dma.o
 .debug_abbrev  0x000009a2      0x1e7 Drivers/STM32F4xx_HAL_Driver/Src/stm32f4xx_hal_gpio.o
 .debug_abbrev  0x00000b89      0x273 Drivers/STM32F4xx_HAL_Driver/Src/stm32f4xx_hal_rcc.o
 .debug_abbrev  0x00000dfc      0x249 Drivers/STM32F4xx_HAL_Driver/Src/stm32f4xx_hal_spi.o
 .debug_abbrev  0x00001045      0x235 Drivers/STM32F4xx_HAL_Driver/Src/stm32f4xx_hal_tim.o
 .debug_abbrev  0x0000127a      0x246 Drivers/STM32F4xx_HAL_Driver/Src/stm32f4xx_hal_tim_ex.o
 .debug_abbrev  0x000014c0      0x297 Drivers/STM32F4xx_HAL_Driver/Src/stm32f4xx_hal_uart.o
 .debug_abbrev  0x00001757      0x21f Src/Pan_Tompkins.o
 .debug_abbrev  0x00001976      0x1cf Src/adc.o
 .debug_abbrev  0x00001b45      0x140 Src/dma.o
 .debug_abbrev  0x00001c85      0x162 Src/gpio.o
 .debug_abbrev  0x00001de7      0x32d Src/main.o
 .debug_abbrev  0x00002114      0x1c9 Src/spi.o
 .debug_abbrev  0x000022dd      0x109 Src/stm32f4xx_hal_msp.o
 .debug_abbrev  0x000023e6      0x187 Src/stm32f4xx_it.o
 .debug_abbrev  0x0000256d      0x12b Src/system_stm32f4xx.o
 .debug_abbrev  0x00002698      0x1cd Src/tim.o
 .debug_abbrev  0x00002865      0x1d2 Src/usart.o
 .debug_abbrev  0x00002a37      0x282 Src/w25qxx.o
 .debug_abbrev  0x00002cb9       0x12 startup/startup_stm32f401xe.o

.debug_loc      0x00000000     0xadd2
 .debug_loc     0x00000000      0x11b Drivers/STM32F4xx_HAL_Driver/Src/stm32f4xx_hal.o
 .debug_loc     0x0000011b      0x950 Drivers/STM32F4xx_HAL_Driver/Src/stm32f4xx_hal_adc.o
 .debug_loc     0x00000a6b      0x5ce Drivers/STM32F4xx_HAL_Driver/Src/stm32f4xx_hal_cortex.o
 .debug_loc     0x00001039      0xb4e Drivers/STM32F4xx_HAL_Driver/Src/stm32f4xx_hal_dma.o
 .debug_loc     0x00001b87      0x476 Drivers/STM32F4xx_HAL_Driver/Src/stm32f4xx_hal_gpio.o
 .debug_loc     0x00001ffd      0x40f Drivers/STM32F4xx_HAL_Driver/Src/stm32f4xx_hal_rcc.o
 .debug_loc     0x0000240c     0x1a09 Drivers/STM32F4xx_HAL_Driver/Src/stm32f4xx_hal_spi.o
 .debug_loc     0x00003e15     0x38f0 Drivers/STM32F4xx_HAL_Driver/Src/stm32f4xx_hal_tim.o
 .debug_loc     0x00007705     0x11a0 Drivers/STM32F4xx_HAL_Driver/Src/stm32f4xx_hal_tim_ex.o
 .debug_loc     0x000088a5     0x1599 Drivers/STM32F4xx_HAL_Driver/Src/stm32f4xx_hal_uart.o
 .debug_loc     0x00009e3e       0x8c Src/Pan_Tompkins.o
 .debug_loc     0x00009eca       0x63 Src/adc.o
 .debug_loc     0x00009f2d       0xc3 Src/main.o
 .debug_loc     0x00009ff0       0x74 Src/spi.o
 .debug_loc     0x0000a064      0x13e Src/system_stm32f4xx.o
 .debug_loc     0x0000a1a2       0x74 Src/usart.o
 .debug_loc     0x0000a216      0xbbc Src/w25qxx.o

.debug_aranges  0x00000000      0xfe8
 .debug_aranges
                0x00000000       0xf0 Drivers/STM32F4xx_HAL_Driver/Src/stm32f4xx_hal.o
 .debug_aranges
                0x000000f0       0xe8 Drivers/STM32F4xx_HAL_Driver/Src/stm32f4xx_hal_adc.o
 .debug_aranges
                0x000001d8       0xa8 Drivers/STM32F4xx_HAL_Driver/Src/stm32f4xx_hal_cortex.o
 .debug_aranges
                0x00000280       0x90 Drivers/STM32F4xx_HAL_Driver/Src/stm32f4xx_hal_dma.o
 .debug_aranges
                0x00000310       0x58 Drivers/STM32F4xx_HAL_Driver/Src/stm32f4xx_hal_gpio.o
 .debug_aranges
                0x00000368       0x88 Drivers/STM32F4xx_HAL_Driver/Src/stm32f4xx_hal_rcc.o
 .debug_aranges
                0x000003f0      0x1d0 Drivers/STM32F4xx_HAL_Driver/Src/stm32f4xx_hal_spi.o
 .debug_aranges
                0x000005c0      0x3a8 Drivers/STM32F4xx_HAL_Driver/Src/stm32f4xx_hal_tim.o
 .debug_aranges
                0x00000968      0x150 Drivers/STM32F4xx_HAL_Driver/Src/stm32f4xx_hal_tim_ex.o
 .debug_aranges
                0x00000ab8      0x1d0 Drivers/STM32F4xx_HAL_Driver/Src/stm32f4xx_hal_uart.o
 .debug_aranges
                0x00000c88       0x28 Src/Pan_Tompkins.o
 .debug_aranges
                0x00000cb0       0x30 Src/adc.o
 .debug_aranges
                0x00000ce0       0x20 Src/dma.o
 .debug_aranges
                0x00000d00       0x20 Src/gpio.o
 .debug_aranges
                0x00000d20       0x58 Src/main.o
 .debug_aranges
                0x00000d78       0x30 Src/spi.o
 .debug_aranges
                0x00000da8       0x20 Src/stm32f4xx_hal_msp.o
 .debug_aranges
                0x00000dc8       0x70 Src/stm32f4xx_it.o
 .debug_aranges
                0x00000e38       0x28 Src/system_stm32f4xx.o
 .debug_aranges
                0x00000e60       0x30 Src/tim.o
 .debug_aranges
                0x00000e90       0x30 Src/usart.o
 .debug_aranges
                0x00000ec0      0x100 Src/w25qxx.o
 .debug_aranges
                0x00000fc0       0x28 startup/startup_stm32f401xe.o

.debug_ranges   0x00000000      0xef8
 .debug_ranges  0x00000000       0xe0 Drivers/STM32F4xx_HAL_Driver/Src/stm32f4xx_hal.o
 .debug_ranges  0x000000e0       0xd8 Drivers/STM32F4xx_HAL_Driver/Src/stm32f4xx_hal_adc.o
 .debug_ranges  0x000001b8       0xf8 Drivers/STM32F4xx_HAL_Driver/Src/stm32f4xx_hal_cortex.o
 .debug_ranges  0x000002b0       0x80 Drivers/STM32F4xx_HAL_Driver/Src/stm32f4xx_hal_dma.o
 .debug_ranges  0x00000330       0x48 Drivers/STM32F4xx_HAL_Driver/Src/stm32f4xx_hal_gpio.o
 .debug_ranges  0x00000378       0x90 Drivers/STM32F4xx_HAL_Driver/Src/stm32f4xx_hal_rcc.o
 .debug_ranges  0x00000408      0x1c0 Drivers/STM32F4xx_HAL_Driver/Src/stm32f4xx_hal_spi.o
 .debug_ranges  0x000005c8      0x398 Drivers/STM32F4xx_HAL_Driver/Src/stm32f4xx_hal_tim.o
 .debug_ranges  0x00000960      0x140 Drivers/STM32F4xx_HAL_Driver/Src/stm32f4xx_hal_tim_ex.o
 .debug_ranges  0x00000aa0      0x1c0 Drivers/STM32F4xx_HAL_Driver/Src/stm32f4xx_hal_uart.o
 .debug_ranges  0x00000c60       0x18 Src/Pan_Tompkins.o
 .debug_ranges  0x00000c78       0x20 Src/adc.o
 .debug_ranges  0x00000c98       0x10 Src/dma.o
 .debug_ranges  0x00000ca8       0x10 Src/gpio.o
 .debug_ranges  0x00000cb8       0x48 Src/main.o
 .debug_ranges  0x00000d00       0x20 Src/spi.o
 .debug_ranges  0x00000d20       0x10 Src/stm32f4xx_hal_msp.o
 .debug_ranges  0x00000d30       0x60 Src/stm32f4xx_it.o
 .debug_ranges  0x00000d90       0x18 Src/system_stm32f4xx.o
 .debug_ranges  0x00000da8       0x20 Src/tim.o
 .debug_ranges  0x00000dc8       0x20 Src/usart.o
 .debug_ranges  0x00000de8       0xf0 Src/w25qxx.o
 .debug_ranges  0x00000ed8       0x20 startup/startup_stm32f401xe.o

.debug_macro    0x00000000    0x18502
 .debug_macro   0x00000000      0x251 Drivers/STM32F4xx_HAL_Driver/Src/stm32f4xx_hal.o
 .debug_macro   0x00000251      0xa54 Drivers/STM32F4xx_HAL_Driver/Src/stm32f4xx_hal.o
 .debug_macro   0x00000ca5      0x196 Drivers/STM32F4xx_HAL_Driver/Src/stm32f4xx_hal.o
 .debug_macro   0x00000e3b       0x2e Drivers/STM32F4xx_HAL_Driver/Src/stm32f4xx_hal.o
 .debug_macro   0x00000e69       0x28 Drivers/STM32F4xx_HAL_Driver/Src/stm32f4xx_hal.o
 .debug_macro   0x00000e91       0x22 Drivers/STM32F4xx_HAL_Driver/Src/stm32f4xx_hal.o
 .debug_macro   0x00000eb3       0x8e Drivers/STM32F4xx_HAL_Driver/Src/stm32f4xx_hal.o
 .debug_macro   0x00000f41       0x51 Drivers/STM32F4xx_HAL_Driver/Src/stm32f4xx_hal.o
 .debug_macro   0x00000f92       0xef Drivers/STM32F4xx_HAL_Driver/Src/stm32f4xx_hal.o
 .debug_macro   0x00001081       0x6a Drivers/STM32F4xx_HAL_Driver/Src/stm32f4xx_hal.o
 .debug_macro   0x000010eb      0x1df Drivers/STM32F4xx_HAL_Driver/Src/stm32f4xx_hal.o
 .debug_macro   0x000012ca       0x1c Drivers/STM32F4xx_HAL_Driver/Src/stm32f4xx_hal.o
 .debug_macro   0x000012e6       0x22 Drivers/STM32F4xx_HAL_Driver/Src/stm32f4xx_hal.o
 .debug_macro   0x00001308       0xdf Drivers/STM32F4xx_HAL_Driver/Src/stm32f4xx_hal.o
 .debug_macro   0x000013e7     0x102d Drivers/STM32F4xx_HAL_Driver/Src/stm32f4xx_hal.o
 .debug_macro   0x00002414      0x11f Drivers/STM32F4xx_HAL_Driver/Src/stm32f4xx_hal.o
 .debug_macro   0x00002533     0xb850 Drivers/STM32F4xx_HAL_Driver/Src/stm32f4xx_hal.o
 .debug_macro   0x0000dd83       0x43 Drivers/STM32F4xx_HAL_Driver/Src/stm32f4xx_hal.o
 .debug_macro   0x0000ddc6     0x3659 Drivers/STM32F4xx_HAL_Driver/Src/stm32f4xx_hal.o
 .debug_macro   0x0001141f      0x174 Drivers/STM32F4xx_HAL_Driver/Src/stm32f4xx_hal.o
 .debug_macro   0x00011593       0x5a Drivers/STM32F4xx_HAL_Driver/Src/stm32f4xx_hal.o
 .debug_macro   0x000115ed      0x416 Drivers/STM32F4xx_HAL_Driver/Src/stm32f4xx_hal.o
 .debug_macro   0x00011a03      0x9fe Drivers/STM32F4xx_HAL_Driver/Src/stm32f4xx_hal.o
 .debug_macro   0x00012401      0x15f Drivers/STM32F4xx_HAL_Driver/Src/stm32f4xx_hal.o
 .debug_macro   0x00012560      0x117 Drivers/STM32F4xx_HAL_Driver/Src/stm32f4xx_hal.o
 .debug_macro   0x00012677       0xf8 Drivers/STM32F4xx_HAL_Driver/Src/stm32f4xx_hal.o
 .debug_macro   0x0001276f       0x27 Drivers/STM32F4xx_HAL_Driver/Src/stm32f4xx_hal.o
 .debug_macro   0x00012796      0x287 Drivers/STM32F4xx_HAL_Driver/Src/stm32f4xx_hal.o
 .debug_macro   0x00012a1d       0x5f Drivers/STM32F4xx_HAL_Driver/Src/stm32f4xx_hal.o
 .debug_macro   0x00012a7c      0x236 Drivers/STM32F4xx_HAL_Driver/Src/stm32f4xx_hal.o
 .debug_macro   0x00012cb2      0x391 Drivers/STM32F4xx_HAL_Driver/Src/stm32f4xx_hal.o
 .debug_macro   0x00013043      0x176 Drivers/STM32F4xx_HAL_Driver/Src/stm32f4xx_hal.o
 .debug_macro   0x000131b9       0xf9 Drivers/STM32F4xx_HAL_Driver/Src/stm32f4xx_hal.o
 .debug_macro   0x000132b2      0x132 Drivers/STM32F4xx_HAL_Driver/Src/stm32f4xx_hal.o
 .debug_macro   0x000133e4      0x264 Drivers/STM32F4xx_HAL_Driver/Src/stm32f4xx_hal.o
 .debug_macro   0x00013648       0x2e Drivers/STM32F4xx_HAL_Driver/Src/stm32f4xx_hal.o
 .debug_macro   0x00013676      0x11a Drivers/STM32F4xx_HAL_Driver/Src/stm32f4xx_hal.o
 .debug_macro   0x00013790       0x85 Drivers/STM32F4xx_HAL_Driver/Src/stm32f4xx_hal.o
 .debug_macro   0x00013815       0x89 Drivers/STM32F4xx_HAL_Driver/Src/stm32f4xx_hal.o
 .debug_macro   0x0001389e      0x225 Drivers/STM32F4xx_HAL_Driver/Src/stm32f4xx_hal.o
 .debug_macro   0x00013ac3      0x8a0 Drivers/STM32F4xx_HAL_Driver/Src/stm32f4xx_hal.o
 .debug_macro   0x00014363       0x47 Drivers/STM32F4xx_HAL_Driver/Src/stm32f4xx_hal.o
 .debug_macro   0x000143aa      0x287 Drivers/STM32F4xx_HAL_Driver/Src/stm32f4xx_hal.o
 .debug_macro   0x00014631      0x126 Drivers/STM32F4xx_HAL_Driver/Src/stm32f4xx_hal.o
 .debug_macro   0x00014757      0x1f2 Drivers/STM32F4xx_HAL_Driver/Src/stm32f4xx_hal_adc.o
 .debug_macro   0x00014949      0x1f1 Drivers/STM32F4xx_HAL_Driver/Src/stm32f4xx_hal_cortex.o
 .debug_macro   0x00014b3a      0x1f7 Drivers/STM32F4xx_HAL_Driver/Src/stm32f4xx_hal_dma.o
 .debug_macro   0x00014d31      0x227 Drivers/STM32F4xx_HAL_Driver/Src/stm32f4xx_hal_gpio.o
 .debug_macro   0x00014f58      0x215 Drivers/STM32F4xx_HAL_Driver/Src/stm32f4xx_hal_rcc.o
 .debug_macro   0x0001516d      0x200 Drivers/STM32F4xx_HAL_Driver/Src/stm32f4xx_hal_spi.o
 .debug_macro   0x0001536d      0x1f2 Drivers/STM32F4xx_HAL_Driver/Src/stm32f4xx_hal_tim.o
 .debug_macro   0x0001555f      0x1f1 Drivers/STM32F4xx_HAL_Driver/Src/stm32f4xx_hal_tim_ex.o
 .debug_macro   0x00015750      0x1f2 Drivers/STM32F4xx_HAL_Driver/Src/stm32f4xx_hal_uart.o
 .debug_macro   0x00015942      0x202 Src/Pan_Tompkins.o
 .debug_macro   0x00015b44       0x58 Src/Pan_Tompkins.o
 .debug_macro   0x00015b9c       0x18 Src/Pan_Tompkins.o
 .debug_macro   0x00015bb4       0x94 Src/Pan_Tompkins.o
 .debug_macro   0x00015c48       0x35 Src/Pan_Tompkins.o
 .debug_macro   0x00015c7d       0x34 Src/Pan_Tompkins.o
 .debug_macro   0x00015cb1       0x16 Src/Pan_Tompkins.o
 .debug_macro   0x00015cc7       0x57 Src/Pan_Tompkins.o
 .debug_macro   0x00015d1e       0x97 Src/Pan_Tompkins.o
 .debug_macro   0x00015db5      0x330 Src/Pan_Tompkins.o
 .debug_macro   0x000160e5       0xfd Src/Pan_Tompkins.o
 .debug_macro   0x000161e2       0x10 Src/Pan_Tompkins.o
 .debug_macro   0x000161f2       0x58 Src/Pan_Tompkins.o
 .debug_macro   0x0001624a       0x1f Src/Pan_Tompkins.o
 .debug_macro   0x00016269       0x43 Src/Pan_Tompkins.o
 .debug_macro   0x000162ac       0x20 Src/Pan_Tompkins.o
 .debug_macro   0x000162cc      0x18e Src/Pan_Tompkins.o
 .debug_macro   0x0001645a       0x10 Src/Pan_Tompkins.o
 .debug_macro   0x0001646a       0x1c Src/Pan_Tompkins.o
 .debug_macro   0x00016486       0x52 Src/Pan_Tompkins.o
 .debug_macro   0x000164d8       0x40 Src/Pan_Tompkins.o
 .debug_macro   0x00016518       0x10 Src/Pan_Tompkins.o
 .debug_macro   0x00016528       0x40 Src/Pan_Tompkins.o
 .debug_macro   0x00016568       0xd7 Src/Pan_Tompkins.o
 .debug_macro   0x0001663f       0x1c Src/Pan_Tompkins.o
 .debug_macro   0x0001665b       0x3d Src/Pan_Tompkins.o
 .debug_macro   0x00016698       0x16 Src/Pan_Tompkins.o
 .debug_macro   0x000166ae      0x16f Src/Pan_Tompkins.o
 .debug_macro   0x0001681d       0x22 Src/Pan_Tompkins.o
 .debug_macro   0x0001683f       0x16 Src/Pan_Tompkins.o
 .debug_macro   0x00016855       0x35 Src/Pan_Tompkins.o
 .debug_macro   0x0001688a       0x16 Src/Pan_Tompkins.o
 .debug_macro   0x000168a0       0x29 Src/Pan_Tompkins.o
 .debug_macro   0x000168c9      0x20a Src/adc.o
 .debug_macro   0x00016ad3       0x1c Src/adc.o
 .debug_macro   0x00016aef      0x20a Src/dma.o
 .debug_macro   0x00016cf9      0x20a Src/gpio.o
 .debug_macro   0x00016f03      0x3e8 Src/main.o
 .debug_macro   0x000172eb       0x5e Src/main.o
 .debug_macro   0x00017349      0x32a Src/main.o
 .debug_macro   0x00017673       0x16 Src/main.o
 .debug_macro   0x00017689      0x20a Src/spi.o
 .debug_macro   0x00017893      0x200 Src/stm32f4xx_hal_msp.o
 .debug_macro   0x00017a93      0x20a Src/stm32f4xx_it.o
 .debug_macro   0x00017c9d      0x1f7 Src/system_stm32f4xx.o
 .debug_macro   0x00017e94      0x20a Src/tim.o
 .debug_macro   0x0001809e      0x20a Src/usart.o
 .debug_macro   0x000182a8      0x232 Src/w25qxx.o
 .debug_macro   0x000184da       0x28 Src/w25qxx.o

.debug_line     0x00000000     0xe4e6
 .debug_line    0x00000000      0x94f Drivers/STM32F4xx_HAL_Driver/Src/stm32f4xx_hal.o
 .debug_line    0x0000094f      0xbe2 Drivers/STM32F4xx_HAL_Driver/Src/stm32f4xx_hal_adc.o
 .debug_line    0x00001531      0x9a1 Drivers/STM32F4xx_HAL_Driver/Src/stm32f4xx_hal_cortex.o
 .debug_line    0x00001ed2      0xa77 Drivers/STM32F4xx_HAL_Driver/Src/stm32f4xx_hal_dma.o
 .debug_line    0x00002949      0x8b9 Drivers/STM32F4xx_HAL_Driver/Src/stm32f4xx_hal_gpio.o
 .debug_line    0x00003202      0x9e2 Drivers/STM32F4xx_HAL_Driver/Src/stm32f4xx_hal_rcc.o
 .debug_line    0x00003be4     0x11a3 Drivers/STM32F4xx_HAL_Driver/Src/stm32f4xx_hal_spi.o
 .debug_line    0x00004d87     0x1899 Drivers/STM32F4xx_HAL_Driver/Src/stm32f4xx_hal_tim.o
 .debug_line    0x00006620      0xd80 Drivers/STM32F4xx_HAL_Driver/Src/stm32f4xx_hal_tim_ex.o
 .debug_line    0x000073a0     0x109e Drivers/STM32F4xx_HAL_Driver/Src/stm32f4xx_hal_uart.o
 .debug_line    0x0000843e      0x685 Src/Pan_Tompkins.o
 .debug_line    0x00008ac3      0x79f Src/adc.o
 .debug_line    0x00009262      0x747 Src/dma.o
 .debug_line    0x000099a9      0x750 Src/gpio.o
 .debug_line    0x0000a0f9      0x9d0 Src/main.o
 .debug_line    0x0000aac9      0x792 Src/spi.o
 .debug_line    0x0000b25b      0x74c Src/stm32f4xx_hal_msp.o
 .debug_line    0x0000b9a7      0x800 Src/stm32f4xx_it.o
 .debug_line    0x0000c1a7      0x76d Src/system_stm32f4xx.o
 .debug_line    0x0000c914      0x781 Src/tim.o
 .debug_line    0x0000d095      0x78d Src/usart.o
 .debug_line    0x0000d822      0xc46 Src/w25qxx.o
 .debug_line    0x0000e468       0x7e startup/startup_stm32f401xe.o

.debug_str      0x00000000    0x92743
 .debug_str     0x00000000    0x8a858 Drivers/STM32F4xx_HAL_Driver/Src/stm32f4xx_hal.o
                              0x8abcc (size before relaxing)
 .debug_str     0x0008a858      0x6aa Drivers/STM32F4xx_HAL_Driver/Src/stm32f4xx_hal_adc.o
                              0x8a7ef (size before relaxing)
 .debug_str     0x0008af02      0x3a1 Drivers/STM32F4xx_HAL_Driver/Src/stm32f4xx_hal_cortex.o
                              0x8a964 (size before relaxing)
 .debug_str     0x0008b2a3      0x2fe Drivers/STM32F4xx_HAL_Driver/Src/stm32f4xx_hal_dma.o
                              0x8a62b (size before relaxing)
 .debug_str     0x0008b5a1      0x287 Drivers/STM32F4xx_HAL_Driver/Src/stm32f4xx_hal_gpio.o
                              0x8a45b (size before relaxing)
 .debug_str     0x0008b828      0x38f Drivers/STM32F4xx_HAL_Driver/Src/stm32f4xx_hal_rcc.o
                              0x8a630 (size before relaxing)
 .debug_str     0x0008bbb7      0x737 Drivers/STM32F4xx_HAL_Driver/Src/stm32f4xx_hal_spi.o
                              0x8aab4 (size before relaxing)
 .debug_str     0x0008c2ee      0xf18 Drivers/STM32F4xx_HAL_Driver/Src/stm32f4xx_hal_tim.o
                              0x8b369 (size before relaxing)
 .debug_str     0x0008d206      0x4d4 Drivers/STM32F4xx_HAL_Driver/Src/stm32f4xx_hal_tim_ex.o
                              0x8ab81 (size before relaxing)
 .debug_str     0x0008d6da      0x67c Drivers/STM32F4xx_HAL_Driver/Src/stm32f4xx_hal_uart.o
                              0x8aacd (size before relaxing)
 .debug_str     0x0008dd56     0x4027 Src/Pan_Tompkins.o
                               0x75e3 (size before relaxing)
 .debug_str     0x00091d7d       0xab Src/adc.o
                              0x8a735 (size before relaxing)
 .debug_str     0x00091e28       0x22 Src/dma.o
                              0x8a595 (size before relaxing)
 .debug_str     0x00091e4a       0x25 Src/gpio.o
                              0x8a2a1 (size before relaxing)
 .debug_str     0x00091e6f      0x1ef Src/main.o
                              0x8ed9a (size before relaxing)
 .debug_str     0x0009205e       0x17 Src/spi.o
                              0x8a717 (size before relaxing)
 .debug_str     0x00092075       0x1b Src/stm32f4xx_hal_msp.o
                              0x8a1e6 (size before relaxing)
 .debug_str     0x00092090       0xe2 Src/stm32f4xx_it.o
                              0x8a5e0 (size before relaxing)
 .debug_str     0x00092172       0x5a Src/system_stm32f4xx.o
                              0x8a217 (size before relaxing)
 .debug_str     0x000921cc       0x1c Src/tim.o
                              0x8a771 (size before relaxing)
 .debug_str     0x000921e8       0x1a Src/usart.o
                              0x8aac3 (size before relaxing)
 .debug_str     0x00092202      0x512 Src/w25qxx.o
                              0x8ac13 (size before relaxing)
 .debug_str     0x00092714       0x2f startup/startup_stm32f401xe.o
                                 0x6d (size before relaxing)

.comment        0x00000000       0x7f
 .comment       0x00000000       0x7f Drivers/STM32F4xx_HAL_Driver/Src/stm32f4xx_hal.o
                                 0x80 (size before relaxing)
 .comment       0x0000007f       0x80 Drivers/STM32F4xx_HAL_Driver/Src/stm32f4xx_hal_adc.o
 .comment       0x0000007f       0x80 Drivers/STM32F4xx_HAL_Driver/Src/stm32f4xx_hal_cortex.o
 .comment       0x0000007f       0x80 Drivers/STM32F4xx_HAL_Driver/Src/stm32f4xx_hal_dma.o
 .comment       0x0000007f       0x80 Drivers/STM32F4xx_HAL_Driver/Src/stm32f4xx_hal_gpio.o
 .comment       0x0000007f       0x80 Drivers/STM32F4xx_HAL_Driver/Src/stm32f4xx_hal_rcc.o
 .comment       0x0000007f       0x80 Drivers/STM32F4xx_HAL_Driver/Src/stm32f4xx_hal_spi.o
 .comment       0x0000007f       0x80 Drivers/STM32F4xx_HAL_Driver/Src/stm32f4xx_hal_tim.o
 .comment       0x0000007f       0x80 Drivers/STM32F4xx_HAL_Driver/Src/stm32f4xx_hal_tim_ex.o
 .comment       0x0000007f       0x80 Drivers/STM32F4xx_HAL_Driver/Src/stm32f4xx_hal_uart.o
 .comment       0x0000007f       0x80 Src/Pan_Tompkins.o
 .comment       0x0000007f       0x80 Src/adc.o
 .comment       0x0000007f       0x80 Src/dma.o
 .comment       0x0000007f       0x80 Src/gpio.o
 .comment       0x0000007f       0x80 Src/main.o
 .comment       0x0000007f       0x80 Src/spi.o
 .comment       0x0000007f       0x80 Src/stm32f4xx_hal_msp.o
 .comment       0x0000007f       0x80 Src/stm32f4xx_it.o
 .comment       0x0000007f       0x80 Src/system_stm32f4xx.o
 .comment       0x0000007f       0x80 Src/tim.o
 .comment       0x0000007f       0x80 Src/usart.o
 .comment       0x0000007f       0x80 Src/w25qxx.o

.debug_frame    0x00000000     0x2c78
 .debug_frame   0x00000000      0x1ec Drivers/STM32F4xx_HAL_Driver/Src/stm32f4xx_hal.o
 .debug_frame   0x000001ec      0x27c Drivers/STM32F4xx_HAL_Driver/Src/stm32f4xx_hal_adc.o
 .debug_frame   0x00000468      0x15c Drivers/STM32F4xx_HAL_Driver/Src/stm32f4xx_hal_cortex.o
 .debug_frame   0x000005c4      0x188 Drivers/STM32F4xx_HAL_Driver/Src/stm32f4xx_hal_dma.o
 .debug_frame   0x0000074c       0xd8 Drivers/STM32F4xx_HAL_Driver/Src/stm32f4xx_hal_gpio.o
 .debug_frame   0x00000824      0x184 Drivers/STM32F4xx_HAL_Driver/Src/stm32f4xx_hal_rcc.o
 .debug_frame   0x000009a8      0x594 Drivers/STM32F4xx_HAL_Driver/Src/stm32f4xx_hal_spi.o
 .debug_frame   0x00000f3c      0xa90 Drivers/STM32F4xx_HAL_Driver/Src/stm32f4xx_hal_tim.o
 .debug_frame   0x000019cc      0x3b4 Drivers/STM32F4xx_HAL_Driver/Src/stm32f4xx_hal_tim_ex.o
 .debug_frame   0x00001d80      0x4f0 Drivers/STM32F4xx_HAL_Driver/Src/stm32f4xx_hal_uart.o
 .debug_frame   0x00002270       0x50 Src/Pan_Tompkins.o
 .debug_frame   0x000022c0       0x6c Src/adc.o
 .debug_frame   0x0000232c       0x2c Src/dma.o
 .debug_frame   0x00002358       0x30 Src/gpio.o
 .debug_frame   0x00002388       0xc0 Src/main.o
 .debug_frame   0x00002448       0x68 Src/spi.o
 .debug_frame   0x000024b0       0x28 Src/stm32f4xx_hal_msp.o
 .debug_frame   0x000024d8       0xd8 Src/stm32f4xx_it.o
 .debug_frame   0x000025b0       0x30 Src/system_stm32f4xx.o
 .debug_frame   0x000025e0       0x58 Src/tim.o
 .debug_frame   0x00002638       0x60 Src/usart.o
 .debug_frame   0x00002698      0x32c Src/w25qxx.o
 .debug_frame   0x000029c4       0xac c:/ac6/systemworkbench/plugins/fr.ac6.mcu.externaltools.arm-none.win32_1.17.0.201812190825/tools/compiler/bin/../lib/gcc/arm-none-eabi/7.3.1/thumb/v7e-m/fpv4-sp/hard\libgcc.a(_arm_addsubdf3.o)
 .debug_frame   0x00002a70       0x50 c:/ac6/systemworkbench/plugins/fr.ac6.mcu.externaltools.arm-none.win32_1.17.0.201812190825/tools/compiler/bin/../lib/gcc/arm-none-eabi/7.3.1/thumb/v7e-m/fpv4-sp/hard\libgcc.a(_arm_muldivdf3.o)
 .debug_frame   0x00002ac0       0xc4 c:/ac6/systemworkbench/plugins/fr.ac6.mcu.externaltools.arm-none.win32_1.17.0.201812190825/tools/compiler/bin/../lib/gcc/arm-none-eabi/7.3.1/thumb/v7e-m/fpv4-sp/hard\libgcc.a(_arm_cmpdf2.o)
 .debug_frame   0x00002b84       0x24 c:/ac6/systemworkbench/plugins/fr.ac6.mcu.externaltools.arm-none.win32_1.17.0.201812190825/tools/compiler/bin/../lib/gcc/arm-none-eabi/7.3.1/thumb/v7e-m/fpv4-sp/hard\libgcc.a(_arm_fixdfsi.o)
 .debug_frame   0x00002ba8       0x24 c:/ac6/systemworkbench/plugins/fr.ac6.mcu.externaltools.arm-none.win32_1.17.0.201812190825/tools/compiler/bin/../lib/gcc/arm-none-eabi/7.3.1/thumb/v7e-m/fpv4-sp/hard\libgcc.a(_arm_fixunsdfsi.o)
 .debug_frame   0x00002bcc       0x2c c:/ac6/systemworkbench/plugins/fr.ac6.mcu.externaltools.arm-none.win32_1.17.0.201812190825/tools/compiler/bin/../lib/gcc/arm-none-eabi/7.3.1/thumb/v7e-m/fpv4-sp/hard\libgcc.a(_aeabi_uldivmod.o)
 .debug_frame   0x00002bf8       0x34 c:/ac6/systemworkbench/plugins/fr.ac6.mcu.externaltools.arm-none.win32_1.17.0.201812190825/tools/compiler/bin/../lib/gcc/arm-none-eabi/7.3.1/thumb/v7e-m/fpv4-sp/hard\libgcc.a(_udivmoddi4.o)
 .debug_frame   0x00002c2c       0x2c c:/ac6/systemworkbench/plugins/fr.ac6.mcu.externaltools.arm-none.win32_1.17.0.201812190825/tools/compiler/bin/../lib/gcc/arm-none-eabi/7.3.1/../../../../arm-none-eabi/lib/thumb/v7e-m/fpv4-sp/hard\libc_nano.a(lib_a-init.o)
 .debug_frame   0x00002c58       0x20 c:/ac6/systemworkbench/plugins/fr.ac6.mcu.externaltools.arm-none.win32_1.17.0.201812190825/tools/compiler/bin/../lib/gcc/arm-none-eabi/7.3.1/../../../../arm-none-eabi/lib/thumb/v7e-m/fpv4-sp/hard\libc_nano.a(lib_a-memset.o)
